Sel 09 Jun 2026 20:14:02 WIB INFO - initAID - Set AID from STEAM_COMPAT_APP_ID to '1222680'
Sel 09 Jun 2026 20:14:02 WIB INFO - initAID - Set OSCDP to STEAM_COMPAT_DATA_PATH '/home/albetnv/.local/share/Steam/steamapps/compatdata/1222680'
Sel 09 Jun 2026 20:14:02 WIB INFO - loadLangFile - Language from command line is 'english'
Sel 09 Jun 2026 20:14:02 WIB INFO - loadLangFile - SYSTEMSTLCFGDIR is '/usr/share/steamtinkerlaunch'
Sel 09 Jun 2026 20:14:02 WIB INFO - loadLangFile - Command line language 'english' is no file - trying to find its absolute path
Sel 09 Jun 2026 20:14:02 WIB INFO - loadLangFile - Loading found system wide /usr/share/steamtinkerlaunch/lang//english.txt
Sel 09 Jun 2026 20:14:02 WIB INFO - getCurrentCommandline - Running checkFirstTimeRun with arguments 'run /home/albetnv/.local/share/Steam/legacycompat/iscriptevaluator.exe legacycompat\evaluatorscript_1222680.vdf'
Sel 09 Jun 2026 20:14:02 WIB INFO - saveOrgVars - Storing some original variables to restore them later
Sel 09 Jun 2026 20:14:02 WIB INFO - emptyVars - Emptied some original variables as they slowdown several system calls when started from steam
Sel 09 Jun 2026 20:14:02 WIB INFO - emptyVars - Set $PATH to '/home/albetnv/.local/share/pnpm/bin:/run/user/1000/fnm_multishells/1229_1781007585696/bin:/home/albetnv/.opencode/bin:/home/albetnv/tools/flutter/flutter/bin:/home/albetnv/whatcanirun/.venv/bin:/home/albetnv/.bun/bin:/home/albetnv/.nix-profile/bin:/home/albetnv/.local/bin:/home/albetnv/.deno/bin:/usr/local/bin:/usr/bin:/bin:/usr/local/sbin:/usr/lib/jvm/default/bin:/usr/bin/site_perl:/usr/bin/vendor_perl:/usr/bin/core_perl:/home/albetnv/.local/share/JetBrains/Toolbox/scripts:'
Sel 09 Jun 2026 20:14:02 WIB START - ######### Initializing Game Launch 1222680 using SteamTinkerLaunch v12.12 #########
Sel 09 Jun 2026 20:14:02 WIB INFO - main - Starting with a clean log
Sel 09 Jun 2026 20:14:02 WIB INFO - main - Start creating default configs
Sel 09 Jun 2026 20:14:02 WIB INFO - createDefaultCfgs - START
Sel 09 Jun 2026 20:14:02 WIB INFO - loadLanguage - First load the default language 'english' to make sure all variables are filled
Sel 09 Jun 2026 20:14:02 WIB INFO - loadLangFile - Language from command line is 'english'
Sel 09 Jun 2026 20:14:02 WIB INFO - loadLangFile - GLOBALSTLLANGDIR is '/usr/share/steamtinkerlaunch/lang'
Sel 09 Jun 2026 20:14:02 WIB INFO - loadLangFile - Command line language 'english' is no file - trying to find its absolute path
Sel 09 Jun 2026 20:14:02 WIB INFO - loadLangFile - Loading found system wide /usr/share/steamtinkerlaunch/lang/english.txt
Sel 09 Jun 2026 20:14:02 WIB INFO - loadLanguage - Loading STLLANG from '/home/albetnv/.config/steamtinkerlaunch/global.conf'
Sel 09 Jun 2026 20:14:02 WIB INFO - loadLanguage - STLLANG from '/home/albetnv/.config/steamtinkerlaunch/global.conf' is 'english'
Sel 09 Jun 2026 20:14:02 WIB INFO - createDefaultCfgs - setSteamPaths:
Sel 09 Jun 2026 20:14:02 WIB INFO - setSteamPaths - Reading Steam Path variables from '/dev/shm/steamtinkerlaunch/steampaths.txt'
Sel 09 Jun 2026 20:14:02 WIB INFO - getGameOS - Starting game OS detection
Sel 09 Jun 2026 20:14:02 WIB WARN - getGameOS - Could not extract the full game binary path from the incoming game launch command, so assuming this is a Windows game!
Sel 09 Jun 2026 20:14:02 WIB INFO - setWin - '' determined to be a Windows Game
Sel 09 Jun 2026 20:14:02 WIB INFO - listAllSettingsEntries - '/dev/shm/steamtinkerlaunch/setentries.txt' already exists - nothing to do
Sel 09 Jun 2026 20:14:02 WIB INFO - createDefaultCfgs - STOP
Sel 09 Jun 2026 20:14:02 WIB SKIP - listSteamLibraries - not recreating already available '/dev/shm/steamtinkerlaunch/SteamLibraries.txt'
Sel 09 Jun 2026 20:14:02 WIB INFO - setSteamLibraryPaths - STEAM_COMPAT_LIBRARY_PATHS set to '/home/albetnv/.local/share/Steam/steamapps'
Sel 09 Jun 2026 20:14:02 WIB INFO - setSteamLibraryPaths - STEAM_COMPAT_MOUNTS set to '/home/albetnv/.local/share/Steam/steamapps/common/Steamworks Shared:/home/albetnv/.local/share/Steam/steamapps/common/SteamLinuxRuntime_sniper:/home/albetnv/.local/share/Steam/steamapps/common/SteamLinuxRuntime_4'
Sel 09 Jun 2026 20:14:02 WIB INFO - setSteamLibraryPaths - STEAM_COMPAT_TOOL_PATHS set to '/home/albetnv/.local/share/Steam/steamapps/common/SteamLinuxRuntime_sniper:/home/albetnv/.local/share/Steam/steamapps/common/Steamworks Shared:/home/albetnv/.local/share/Steam/steamapps/common/SteamLinuxRuntime_4'
Sel 09 Jun 2026 20:14:02 WIB INFO - main - Checking internal dependencies:
Sel 09 Jun 2026 20:14:02 WIB INFO - setAwkBin - Found 'gawk' as an 'awk' variant. It should work without any issues, because 'gawk' was tested completely
Sel 09 Jun 2026 20:14:02 WIB INFO - checkIntDeps - Result of version check for yad binary '/usr/bin/yad' is '14.2'
Sel 09 Jun 2026 20:14:02 WIB INFO - main - Initializing first Proton:
Sel 09 Jun 2026 20:14:02 WIB INFO - initOldProtonArr - Creating an initial array with available Proton versions using the file '/dev/shm/steamtinkerlaunch/ProtonCSV.txt' which was created during a previous run
Sel 09 Jun 2026 20:14:02 WIB INFO - initFirstProton - Initializing Proton
Sel 09 Jun 2026 20:14:02 WIB INFO - initFirstProton - Initial Proton version 'FIRSTUSEPROTON' from '/home/albetnv/.config/steamtinkerlaunch/default_template.conf' is 'proton-cachyos-11.0-20260521 (steam linux runtime)'
Sel 09 Jun 2026 20:14:02 WIB INFO - main - Initializing default window resolution
Sel 09 Jun 2026 20:14:02 WIB INFO - setInitWinXY - Using '1440x810' from config '/dev/shm/steamtinkerlaunch/defres.txt'
Sel 09 Jun 2026 20:14:02 WIB INFO - main - Welcome to SteamTinkerLaunch
Sel 09 Jun 2026 20:14:02 WIB INFO - removeEmptyFiles - Removing empty files from '/home/albetnv/.config/steamtinkerlaunch/games/appinfo'
Sel 09 Jun 2026 20:14:02 WIB INFO - removeEmptyFiles - Removing empty files from '/home/albetnv/.config/steamtinkerlaunch/games/header'
Sel 09 Jun 2026 20:14:02 WIB INFO - main - Checking command line: incoming arguments 'run /home/albetnv/.local/share/Steam/legacycompat/iscriptevaluator.exe legacycompat\evaluatorscript_1222680.vdf'
