Min 16 Agu 2026 23:35:17 WIB INFO - initAID - Set AID to PLACEHOLDERAID '31337'
Min 16 Agu 2026 23:35:17 WIB INFO - loadLangFile - Language from command line is 'english'
Min 16 Agu 2026 23:35:17 WIB INFO - loadLangFile - SYSTEMSTLCFGDIR is '/usr/share/steamtinkerlaunch'
Min 16 Agu 2026 23:35:17 WIB INFO - loadLangFile - Command line language 'english' is no file - trying to find its absolute path
Min 16 Agu 2026 23:35:17 WIB INFO - loadLangFile - Loading found system wide /usr/share/steamtinkerlaunch/lang//english.txt
Min 16 Agu 2026 23:35:18 WIB INFO - getCurrentCommandline - No Proton in command line arguments 'settings'
Min 16 Agu 2026 23:35:18 WIB INFO - saveOrgVars - Storing some original variables to restore them later
Min 16 Agu 2026 23:35:18 WIB INFO - emptyVars - Emptied some original variables as they slowdown several system calls when started from steam
Min 16 Agu 2026 23:35:18 WIB INFO - emptyVars - Set $PATH to '/home/albetnv/.local/bin:/home/albetnv/.local/share/mise/installs/aube/latest:/home/albetnv/.local/share/mise/installs/bun/latest/bin:/home/albetnv/.local/share/mise/installs/go/1.26.5/bin:/home/albetnv/.local/share/mise/installs/node/latest/bin:/home/albetnv/.opencode/bin:/home/albetnv/tools/flutter/flutter/bin:/home/albetnv/whatcanirun/.venv/bin:/home/albetnv/.bun/bin:/home/albetnv/.nix-profile/bin:/home/albetnv/.local/bin:/home/albetnv/.local/share/pnpm/bin:/home/albetnv/.local/bin:/usr/local/bin:/usr/bin:/bin:/usr/local/sbin:/usr/lib/jvm/default/bin:/usr/bin/site_perl:/usr/bin/vendor_perl:/usr/bin/core_perl:/home/albetnv/.local/share/JetBrains/Toolbox/scripts:'
Min 16 Agu 2026 23:35:18 WIB START - ######### Initializing Game Launch 31337 using SteamTinkerLaunch v12.12 #########
Min 16 Agu 2026 23:35:18 WIB INFO - main - Starting with a clean log
Min 16 Agu 2026 23:35:18 WIB INFO - main - Start creating default configs
Min 16 Agu 2026 23:35:18 WIB INFO - createDefaultCfgs - START
Min 16 Agu 2026 23:35:18 WIB INFO - loadLanguage - First load the default language 'english' to make sure all variables are filled
Min 16 Agu 2026 23:35:18 WIB INFO - loadLangFile - Language from command line is 'english'
Min 16 Agu 2026 23:35:18 WIB INFO - loadLangFile - GLOBALSTLLANGDIR is '/usr/share/steamtinkerlaunch/lang'
Min 16 Agu 2026 23:35:18 WIB INFO - loadLangFile - Command line language 'english' is no file - trying to find its absolute path
Min 16 Agu 2026 23:35:18 WIB INFO - loadLangFile - Loading found system wide /usr/share/steamtinkerlaunch/lang/english.txt
Min 16 Agu 2026 23:35:18 WIB INFO - loadLanguage - Loading STLLANG from '/home/albetnv/.config/steamtinkerlaunch/global.conf'
Min 16 Agu 2026 23:35:18 WIB INFO - loadLanguage - STLLANG from '/home/albetnv/.config/steamtinkerlaunch/global.conf' is 'english'
Min 16 Agu 2026 23:35:18 WIB INFO - createDefaultCfgs - setSteamPaths:
Min 16 Agu 2026 23:35:18 WIB INFO - setSteamPath - Set 'SROOT' to '/home/albetnv/.local/share/Steam'
Min 16 Agu 2026 23:35:18 WIB INFO - setSteamPath - Set 'SUSDA' to '/home/albetnv/.local/share/Steam/userdata'
Min 16 Agu 2026 23:35:18 WIB INFO - setSteamPath - Set 'DEFSTEAMAPPS' to '/home/albetnv/.local/share/Steam/steamapps'
Min 16 Agu 2026 23:35:18 WIB INFO - setSteamPath - Set 'DEFSTEAMAPPSCOMMON' to '/home/albetnv/.local/share/Steam/steamapps/common'
Min 16 Agu 2026 23:35:18 WIB INFO - setSteamPath - Set 'CFGVDF' to '/home/albetnv/.local/share/Steam/config/config.vdf'
Min 16 Agu 2026 23:35:18 WIB INFO - setSteamPath - Set 'LFVDF' to '/home/albetnv/.local/share/Steam/steamapps/libraryfolders.vdf'
Min 16 Agu 2026 23:35:18 WIB INFO - setSteamPath - Set 'FAIVDF' to '/home/albetnv/.local/share/Steam/appcache/appinfo.vdf'
Min 16 Agu 2026 23:35:18 WIB INFO - setSteamPath - Set 'PIVDF' to '/home/albetnv/.local/share/Steam/appcache/packageinfo.vdf'
Min 16 Agu 2026 23:35:18 WIB INFO - setSteamPath - Set 'STEAMCOMPATOOLS' to '/home/albetnv/.local/share/Steam/compatibilitytools.d'
Min 16 Agu 2026 23:35:18 WIB INFO - setSteamPath - Set 'ICODIR' to '/home/albetnv/.local/share/Steam/steam/games'
Min 16 Agu 2026 23:35:18 WIB INFO - setSteamPaths - Found SteamUserId '384768910'
Min 16 Agu 2026 23:35:18 WIB INFO - getGameOS - Starting game OS detection
Min 16 Agu 2026 23:35:18 WIB INFO - getGameOS - STEAM_COMPAT_DATA_PATH is not defined, so this is either a Linux Game or no game was started at all
Min 16 Agu 2026 23:35:18 WIB INFO - createDefaultCfgs - createProtonList:
Min 16 Agu 2026 23:35:18 WIB INFO - createProtonList - Looking for available Proton versions
Min 16 Agu 2026 23:35:18 WIB INFO - getAvailableProtonVersions - Initially creating an array with available Proton versions
Min 16 Agu 2026 23:35:18 WIB INFO - getAvailableProtonVersions - Adding Proton versions found in STEAMCOMPATOOLS '/home/albetnv/.local/share/Steam/compatibilitytools.d'
Min 16 Agu 2026 23:35:18 WIB INFO - getAvailableProtonVersions - Found proton directory: '/home/albetnv/.local/share/Steam/compatibilitytools.d/GE-Proton10-34/proton'
Min 16 Agu 2026 23:35:18 WIB INFO - getAvailableProtonVersions - Found proton directory: '/home/albetnv/.local/share/Steam/compatibilitytools.d/cachyos-11.0-20260703-slr/proton'
Min 16 Agu 2026 23:35:18 WIB INFO - getAvailableProtonVersions - Found proton directory: '/home/albetnv/.local/share/Steam/compatibilitytools.d/Proton-CachyOS Latest/proton'
Min 16 Agu 2026 23:35:18 WIB INFO - getAvailableProtonVersions - Found proton directory: '/home/albetnv/.local/share/Steam/compatibilitytools.d/GE-Proton11-5/proton'
Min 16 Agu 2026 23:35:18 WIB INFO - getAvailableProtonVersions - Adding Proton versions found in SYSSTEAMCOMPATOOLS '/usr/share/steam/compatibilitytools.d'
Min 16 Agu 2026 23:35:18 WIB INFO - getAvailableProtonVersions - Found proton directory: '/usr/share/steam/compatibilitytools.d/proton-cachyos-slr/proton'
Min 16 Agu 2026 23:35:18 WIB INFO - getAvailableProtonVersions - Found proton directory: '/usr/share/steam/compatibilitytools.d/proton-cachyos-native/proton'
Min 16 Agu 2026 23:35:18 WIB INFO - getAvailableProtonVersions - Adding Proton versions found in additional SteamLibrary Paths
Min 16 Agu 2026 23:35:18 WIB INFO - getAvailableProtonVersions - Found proton directory: '/home/albetnv/.local/share/Steam/steamapps/common/Proton - Experimental'
Min 16 Agu 2026 23:35:18 WIB INFO - getAvailableProtonVersions - Adding Proton versions found in CUSTOMPROTONLIST '/home/albetnv/.config/steamtinkerlaunch/protonlist.txt'
Min 16 Agu 2026 23:35:18 WIB INFO - getAvailableProtonVersions - Checking line '' in '/home/albetnv/.config/steamtinkerlaunch/protonlist.txt'
Min 16 Agu 2026 23:35:18 WIB INFO - getAvailableProtonVersions - Removing invalid line '' from '/home/albetnv/.config/steamtinkerlaunch/protonlist.txt'
Min 16 Agu 2026 23:35:18 WIB INFO - createDefaultCfgs - createProtonList end
Min 16 Agu 2026 23:35:18 WIB INFO - listAllSettingsEntries - Creating '/dev/shm/steamtinkerlaunch/setentries.txt'
Min 16 Agu 2026 23:35:19 WIB INFO - createDefaultCfgs - STOP
Min 16 Agu 2026 23:35:19 WIB INFO - listSteamLibraries - (Re-)creating '/dev/shm/steamtinkerlaunch/SteamLibraries.txt'
Min 16 Agu 2026 23:35:19 WIB INFO - setSteamLibraryPaths - STEAM_COMPAT_LIBRARY_PATHS set to '/home/albetnv/.local/share/Steam/steamapps'
Min 16 Agu 2026 23:35:19 WIB INFO - setSteamLibraryPaths - STEAM_COMPAT_MOUNTS set to '/home/albetnv/.local/share/Steam/steamapps/common/SteamLinuxRuntime_sniper:/home/albetnv/.local/share/Steam/steamapps/common/Steamworks Shared:/home/albetnv/.local/share/Steam/steamapps/common/SteamLinuxRuntime_4:/home/albetnv/.local/share/Steam/steamapps/common/SteamLinuxRuntime_soldier'
Min 16 Agu 2026 23:35:19 WIB INFO - setSteamLibraryPaths - STEAM_COMPAT_TOOL_PATHS set to '/home/albetnv/.local/share/Steam/steamapps/common/SteamLinuxRuntime_sniper:/home/albetnv/.local/share/Steam/steamapps/common/Steamworks Shared:/home/albetnv/.local/share/Steam/steamapps/common/SteamLinuxRuntime_4:/home/albetnv/.local/share/Steam/steamapps/common/SteamLinuxRuntime_soldier'
Min 16 Agu 2026 23:35:19 WIB INFO - main - Checking internal dependencies:
Min 16 Agu 2026 23:35:19 WIB INFO - checkIntDeps - Result of version check for yad binary '/usr/bin/yad' is '15.0'
Min 16 Agu 2026 23:35:19 WIB INFO - main - Initializing first Proton:
Min 16 Agu 2026 23:35:19 WIB INFO - initOldProtonArr - Creating an initial array with available Proton versions using the file '/dev/shm/steamtinkerlaunch/ProtonCSV.txt' which was created during a previous run
Min 16 Agu 2026 23:35:19 WIB INFO - initFirstProton - Initializing Proton
Min 16 Agu 2026 23:35:19 WIB INFO - initFirstProton - Initial Proton version 'FIRSTUSEPROTON' from '/home/albetnv/.config/steamtinkerlaunch/default_template.conf' is 'proton-cachyos-11.0-20260703 (steam linux runtime)'
Min 16 Agu 2026 23:35:19 WIB INFO - main - Initializing default window resolution
Min 16 Agu 2026 23:35:19 WIB INFO - getScreenRes - Found screen width '1920'
Min 16 Agu 2026 23:35:19 WIB INFO - getScreenRes - Found screen height '1080'
Min 16 Agu 2026 23:35:19 WIB INFO - setInitWinXY - Using '1440x810' as default resolution for all windows without a configured resolution
Min 16 Agu 2026 23:35:19 WIB INFO - main - Welcome to SteamTinkerLaunch
Min 16 Agu 2026 23:35:19 WIB INFO - removeEmptyFiles - Removing empty files from '/home/albetnv/.config/steamtinkerlaunch/games/appinfo'
Min 16 Agu 2026 23:35:19 WIB INFO - removeEmptyFiles - Removing empty files from '/home/albetnv/.config/steamtinkerlaunch/games/header'
Min 16 Agu 2026 23:35:19 WIB INFO - main - Checking command line: incoming arguments 'settings'
